src/app/components/ResumeDropzone.tsx(52,9): error TS18048: 'newFile' is possibly 'undefined'.
src/app/components/ResumeDropzone.tsx(54,18): error TS2345: Argument of type 'File | undefined' is not assignable to parameter of type 'File'.
  Type 'undefined' is not assignable to type 'File'.
src/app/components/ResumeDropzone.tsx(66,16): error TS2345: Argument of type 'File | undefined' is not assignable to parameter of type 'File'.
  Type 'undefined' is not assignable to type 'File'.
src/app/components/ResumeForm/Form/index.tsx(103,13): error TS7030: Not all code paths return a value.
src/app/components/ResumeForm/Form/index.tsx(116,13): error TS7030: Not all code paths return a value.
src/app/components/ResumeForm/ProjectsForm.tsx(63,92): error TS2345: Argument of type 'boolean' is not assignable to parameter of type 'string | string[]'.
src/app/components/ResumeForm/ThemeForm/ATSOptimizer.tsx(385,7): error TS2322: Type '"none"' is not assignable to type 'IconStyle | undefined'.
src/app/components/ResumeForm/WorkExperiencesForm.tsx(78,106): error TS2345: Argument of type 'boolean' is not assignable to parameter of type 'string | string[]'.
src/app/components/SaveStatus.tsx(30,13): error TS7030: Not all code paths return a value.
src/app/components/Tooltip.tsx(3,30): error TS7016: Could not find a declaration file for module 'react-dom'. 'C:/Users/Sachin/OneDrive/Desktop/open-resume-backup/node_modules/react-dom/index.js' implicitly has an 'any' type.
  Try `npm i --save-dev @types/react-dom` if it exists or add a new declaration (.d.ts) file containing `declare module 'react-dom';`
src/app/components/TopNavBar.tsx(43,15): error TS2322: Type 'string | undefined' is not assignable to type 'Url'.
  Type 'undefined' is not assignable to type 'Url'.
src/app/home/AutoTypingResume.tsx(70,32): error TS2532: Object is possibly 'undefined'.
src/app/home/AutoTypingResume.tsx(73,27): error TS2532: Object is possibly 'undefined'.
src/app/home/AutoTypingResume.tsx(74,25): error TS2532: Object is possibly 'undefined'.
src/app/home/AutoTypingResume.tsx(75,23): error TS2532: Object is possibly 'undefined'.
src/app/home/HomeResumeDemo.tsx(26,13): error TS18048: 'entry' is possibly 'undefined'.
src/app/lib/docx-export.ts(64,11): error TS2353: Object literal may only specify known properties, and 'italics' does not exist in type 'IParagraphOptions'.
src/app/lib/docx-export.ts(101,13): error TS2353: Object literal may only specify known properties, and 'italics' does not exist in type 'IParagraphOptions'.
src/app/lib/docx-export.ts(138,13): error TS2353: Object literal may only specify known properties, and 'italics' does not exist in type 'IParagraphOptions'.
src/app/lib/redux/resumeSlice.ts(204,9): error TS18048: 'featuredSkill' is possibly 'undefined'.
src/app/lib/redux/resumeSlice.ts(205,9): error TS18048: 'featuredSkill' is possibly 'undefined'.
src/app/lib/redux/resumeSlice.ts(319,23): error TS7030: Not all code paths return a value.
src/app/lib/redux/resumeSlice.ts(425,1): error TS2304: Cannot find name 'lice'.
src/app/resume-parser/page.tsx(210,74): error TS2532: Object is possibly 'undefined'.
src/app/resume-parser/ResumeParserAlgorithmArticle.tsx(449,11): error TS2461: Type '[string, Lines] | undefined' is not an array type.
src/app/resume-parser/ResumeParserAlgorithmArticle.tsx(468,9): error TS2322: Type '(string | undefined)[]' is not assignable to type 'string[]'.
  Type 'string | undefined' is not assignable to type 'string'.
    Type 'undefined' is not assignable to type 'string'.
